%1 = OpFunction  %2  None %3
%4 = OpLabel
OpLine %5 7 12
%6 = OpAccessChain  %7  %8 %9
%10 = OpArrayLength  %11  %8 0
OpLine %5 7 0
%12 = OpCompositeInsert  %13  %6 %14 0
OpLine %5 8 21
%15 = OpULessThan  %16  %9 %10
OpLine %5 8 21
OpSelectionMerge %17 None
OpBranchConditional %15 %18 %19
%18 = OpLabel
OpLine %5 8 21
%20 = OpInBoundsAccessChain  %21  %6 %9
%22 = OpLoad  %23  %20
OpLine %5 10 1
OpReturn
%19 = OpLabel
OpLine %5 8 21
OpBranch %24
%24 = OpLabel
OpBranch %25
%25 = OpLabel
%26 = OpPhi  %16  %27 %24 %27 %28
OpLoopMerge %29 %28 None
OpBranchConditional %26 %30 %29
%30 = OpLabel
OpBranch %28
%28 = OpLabel
OpBranch %25
%29 = OpLabel
OpUnreachable
%17 = OpLabel
OpUnreachable
OpFunctionEnd
