error: OpImageQuerySizeLod is invalid for this image type
   --> $SPIRV_STD_SRC/image.rs:841:13
    |
841 | /             asm! {
842 | |                 "%image = OpLoad _ {this}",
843 | |                 "%result = OpImageQuerySizeLod typeof*{result} %image {lod}",
844 | |                 "OpStore {result} %result",
...   |
847 | |                 result = in(reg) &mut result,
848 | |             }
    | |_____________^
    |
    = note: The image's dimension must be 1D, 2D, 3D, or Cube. Multisampled must be false.
    = note: query_size is valid for this image, did you mean to use it instead?

error: aborting due to previous error

