error: OpImageQueryLevels's image has a dimension of DimRect
   --> $SPIRV_STD_SRC/image.rs:733:13
    |
733 | /             asm! {
734 | |                 "%image = OpLoad _ {this}",
735 | |                 "{result} = OpImageQueryLevels typeof{result} %image",
736 | |                 this = in(reg) self,
737 | |                 result = out(reg) result,
738 | |             }
    | |_____________^
    |
    = note: Allowed dimensions are 1D, 2D, 3D, and Cube

error: aborting due to previous error

