error: OpImageQuerySize is invalid for this image type
   --> $SPIRV_STD_SRC/image.rs:795:13
    |
795 | /             asm! {
796 | |                 "%image = OpLoad _ {this}",
797 | |                 "%result = OpImageQuerySize typeof*{result} %image",
798 | |                 "OpStore {result} %result",
799 | |                 this = in(reg) self,
800 | |                 result = in(reg) &mut result,
801 | |             }
    | |_____________^
    |
    = note: allowed dimensions are 1D, 2D, 3D, Buffer, Rect, or Cube. if dimension is 1D, 2D, 3D, or Cube, it must have either multisampled be true, *or* sampled of Unknown or No
    = note: query_size_lod is valid for this image, did you mean to use it instead?

error: aborting due to previous error

