error: OpImageQueryLod's image has a dimension of DimRect
   --> $SPIRV_STD_SRC/image.rs:766:13
    |
766 | /             asm! {
767 | |                 "%typeSampledImage = OpTypeSampledImage typeof*{this}",
768 | |                 "%image = OpLoad _ {this}",
769 | |                 "%sampler = OpLoad _ {sampler}",
...   |
777 | |                 coord = in(reg) &coord
778 | |             }
    | |_____________^
    |
    = note: Allowed dimensions are 1D, 2D, 3D, and Cube

error: aborting due to previous error

